// Jest Snapshot v1, https://goo.gl/fbAQLP

exports[`renders without crashing 1`] = `
<nav
  className="Sitemap"
>
  <ul>
    <li>
      <a
        href="/"
      >
        Homepage
      </a>
    </li>
    <li>
      <a
        href="/quem-somos"
      >
        Quem Somos
      </a>
    </li>
    <li>
      <a
        href="/anunciar"
      >
        Anunciar
      </a>
    </li>
    <li>
      <a
        href="/franquia"
      >
        Franquia
      </a>
    </li>
    <li>
      <a
        href="/contato"
      >
        Contato
      </a>
    </li>
  </ul>
</nav>
`;
