// Jest Snapshot v1, https://goo.gl/fbAQLP

exports[`renders without crashing 1`] = `
<BrowserRouter>
  <withRouter(ScrollToTop)>
    <Switch>
      <Route
        component={[Function]}
        exact={true}
        path="/"
      />
      <Route
        path="/hero/:heroId"
        render={[Function]}
      />
      <Route
        component={[Function]}
        exact={true}
        path="/game"
      />
      <Route
        path="/game/pack"
        render={[Function]}
      />
      <Route
        component={[Function]}
      />
    </Switch>
    <Sitemap />
  </withRouter(ScrollToTop)>
</BrowserRouter>
`;
