// Jest Snapshot v1, https://goo.gl/fbAQLP

exports[`renders without crashing 1`] = `
<BrowserRouter>
  <withRouter(ScrollToTop)>
    <Switch>
      <Route
        component={[Function]}
        exact={true}
        path="/"
      />
      <Route
        exact={true}
        path="/:city"
        render={[Function]}
      />
      <Route
        exact={true}
        path="/:city/:advertiser"
        render={[Function]}
      />
      <Route
        path="/quem-somos"
        render={[Function]}
      />
      <Route
        path="/anunciar"
        render={[Function]}
      />
      <Route
        path="/franquia"
        render={[Function]}
      />
      <Route
        path="/contato"
        render={[Function]}
      />
      <Route
        component={[Function]}
      />
    </Switch>
    <Sitemap />
  </withRouter(ScrollToTop)>
</BrowserRouter>
`;
