// Jest Snapshot v1, https://goo.gl/fbAQLP

exports[`renders without crashing 1`] = `
<Layout
  headbar={true}
  notification={false}
  sidebar={false}
  toggleHeadbar={[Function]}
  toggleSidebar={[Function]}
>
  <hr />
  <Link
    replace={false}
    to="/null"
  >
    voltar para pagina da cidade
  </Link>
  <br />
</Layout>
`;
