// Jest Snapshot v1, https://goo.gl/fbAQLP

exports[`renders without crashing 1`] = `
<withRouter(Layout)
  breadcrumbs={
    Array [
      <Link
        replace={false}
        to="/"
    >
        Início
    </Link>,
      <Link
        replace={false}
        to="/null"
    />,
    ]
  }
  hasSearchBar={true}
>
  <AdvertiserDetails
    advertiser={Object {}}
  />
</withRouter(Layout)>
`;
