// Jest Snapshot v1, https://goo.gl/fbAQLP

exports[`renders without crashing 1`] = `
<withRouter(Layout)
  hasSearchBar={true}
  leftColumn={
    Array [
      <ListingBlock
        list={Array []}
        title="Outros anunciantes"
    />,
      <ListingBlock
        list={
            Array [
                <Link
                  replace={false}
                  to="/null/?category=escola"
            >
                  Escolas
            </Link>,
                <Link
                  replace={false}
                  to="/null/?category=padaria"
            >
                  Padarias
            </Link>,
              ]
        }
        title="Categorias"
    />,
    ]
  }
/>
`;
